// Jest Snapshot v1, https://goo.gl/fbAQLP

exports[`renders correctly 1`] = `
<div>
  <h2
    className="ui header"
  >
    Compare Player Portfolios
  </h2>
  <div
    aria-busy={undefined}
    aria-disabled={undefined}
    aria-expanded={false}
    className="ui multiple search selection dropdown"
    onBlur={[Function]}
    onChange={[Function]}
    onClick={[Function]}
    onFocus={[Function]}
    onMouseDown={[Function]}
    role="combobox"
    tabIndex={undefined}
  >
    <input
      aria-autocomplete="list"
      autoComplete="off"
      className="search"
      onChange={[Function]}
      style={
        Object {
          "width": undefined,
        }
      }
      tabIndex={0}
      type="text"
      value=""
    />
    <span
      className="sizer"
    />
    <div
      aria-live="polite"
      className="text"
      role="alert"
    />
    <i
      aria-hidden="true"
      className="dropdown icon"
      onClick={[Function]}
    />
    <div
      aria-multiselectable={true}
      className="menu transition"
      role="listbox"
    >
      <div
        className="message"
      >
        No results found.
      </div>
    </div>
  </div>
  <table
    className="ui celled table"
  >
    <thead
      className=""
    >
      <tr
        className=""
      >
        <th
          className=""
        >
          Symbol
        </th>
        <th
          className=""
        >
          % of Holdings
        </th>
        <th
          className=""
        >
          Amount
        </th>
        <th
          className=""
        >
          Current Price (Today's Change)
        </th>
        <th
          className=""
        >
          Current Value
        </th>
      </tr>
    </thead>
    <tbody
      className=""
    >
      <tr
        className="positive"
      >
        <td
          className=""
        >
          BTC
        </td>
        <td
          className=""
        >
          29.41%
        </td>
        <td
          className=""
        >
          250.00000000
        </td>
        <td
          className=""
        >
          $10,000.00 (+3.25%)
        </td>
        <td
          className=""
        >
          $2,500,000.00
        </td>
      </tr>
      <tr
        className="error"
      >
        <td
          className=""
        >
          ETH
        </td>
        <td
          className=""
        >
          58.83%
        </td>
        <td
          className=""
        >
          1,000.28373623
        </td>
        <td
          className=""
        >
          $5,000.00 (-20.01%)
        </td>
        <td
          className=""
        >
          $5,001,418.68
        </td>
      </tr>
      <tr
        className=""
      >
        <td
          className=""
        >
          USD
        </td>
        <td
          className=""
        >
          11.76%
        </td>
        <td
          className=""
        >
          $1,000,000.00
        </td>
        <td
          className=""
        >
          -
        </td>
        <td
          className=""
        >
          $1,000,000.00
        </td>
      </tr>
    </tbody>
    <tfoot
      className=""
    >
      <tr
        className=""
      >
        <th
          className=""
        >
          <strong>
            TOTAL
          </strong>
        </th>
        <th
          className=""
        >
          <strong>
            100.00%
          </strong>
        </th>
        <th
          className=""
        >
          <strong>
            -
          </strong>
        </th>
        <th
          className=""
        >
          <strong>
            -
          </strong>
        </th>
        <th
          className=""
        >
          <strong>
            $8,501,418.68
          </strong>
        </th>
      </tr>
    </tfoot>
  </table>
  <table
    className="ui celled table"
  >
    <thead
      className=""
    >
      <tr
        className=""
      >
        <th
          className=""
        >
          Symbol
        </th>
        <th
          className=""
        >
          % of Holdings
        </th>
        <th
          className=""
        >
          Amount
        </th>
        <th
          className=""
        >
          Current Price (Today's Change)
        </th>
        <th
          className=""
        >
          Current Value
        </th>
      </tr>
    </thead>
    <tbody
      className=""
    >
      <tr
        className="positive"
      >
        <td
          className=""
        >
          BTC
        </td>
        <td
          className=""
        >
          28.21%
        </td>
        <td
          className=""
        >
          200.42500000
        </td>
        <td
          className=""
        >
          $10,000.00 (+3.25%)
        </td>
        <td
          className=""
        >
          $2,004,250.00
        </td>
      </tr>
      <tr
        className="error"
      >
        <td
          className=""
        >
          ETH
        </td>
        <td
          className=""
        >
          54.90%
        </td>
        <td
          className=""
        >
          780.00000002
        </td>
        <td
          className=""
        >
          $5,000.00 (-20.01%)
        </td>
        <td
          className=""
        >
          $3,900,000.00
        </td>
      </tr>
      <tr
        className=""
      >
        <td
          className=""
        >
          USD
        </td>
        <td
          className=""
        >
          16.89%
        </td>
        <td
          className=""
        >
          $1,200,000.00
        </td>
        <td
          className=""
        >
          -
        </td>
        <td
          className=""
        >
          $1,200,000.00
        </td>
      </tr>
    </tbody>
    <tfoot
      className=""
    >
      <tr
        className=""
      >
        <th
          className=""
        >
          <strong>
            TOTAL
          </strong>
        </th>
        <th
          className=""
        >
          <strong>
            100.00%
          </strong>
        </th>
        <th
          className=""
        >
          <strong>
            -
          </strong>
        </th>
        <th
          className=""
        >
          <strong>
            -
          </strong>
        </th>
        <th
          className=""
        >
          <strong>
            $7,104,250.00
          </strong>
        </th>
      </tr>
    </tfoot>
  </table>
</div>
`;
